java.awt.Dimension:platform.Dimension:vector.Dimension
java.awt.event.ComponentEvent:platform.event.ComponentEvent:vector.event.ComponentEvent
java.awt.event.InputEvent:platform.event.InputEvent:vector.event.InputEvent
java.awt.event.KeyEvent:platform.event.KeyEvent:vector.event.KeyEvent
java.awt.event.MouseEvent:platform.event.MouseEvent:vector.event.MouseEvent
java.awt.event.MouseWheelEvent:platform.event.MouseWheelEvent:vector.event.MouseWheelEvent
java.awt.font.FontRenderContext:platform.font.FontRenderContext:vector.font.FontRenderContext
java.awt.font.GlyphVector:platform.font.GlyphVector:vector.font.GlyphVector
java.awt.FontMetrics:platform.FontMetrics:vector.FontMetrics
java.awt.geom.Dimension2D:platform.geom.Dimension:vector.geom.Dimension
java.awt.geom.NoninvertibleTransformException:platform.geom.NoninvertibleTransformException:vector.geom.NoninvertibleTransformException
java.awt.geom.Path2D:platform.geom.Path:vector.geom.Path
java.awt.geom.PathIterator:platform.geom.PathIterator:vector.geom.PathIterator
java.awt.geom.Point2D:platform.geom.Point:vector.geom.Point
java.awt.geom.Rectangle2D:platform.geom.Rectangle:vector.geom.Rectangle
java.awt.geom.RectangularShape:platform.geom.RectangularShape:vector.geom.RectangularShape
java.awt.geom.RoundRectangle2D:platform.geom.RoundRectangle:vector.geom.RoundRectangle
java.awt.Image:platform.Image:vector.Image
java.awt.Point:platform.Point:vector.Point
java.awt.Rectangle:platform.Rectangle:vector.Rectangle
java.awt.Shape:platform.Shape:vector.Shape

